// Jest Snapshot v1, https://goo.gl/fbAQLP

exports[`#emit() should return correctly 1`] = `
"[emit-jsdoc][emit-declare]namespace A {
[indent-every-line
  [emit-jsdoc][emit-declare]namespace B {
  [indent-every-line
    [emit-jsdoc][VariableDeclaration b]
  ]
  }
  [emit-jsdoc][emit-declare]namespace C {
  [indent-every-line
    [emit-jsdoc][VariableDeclaration c]
  ]
  }
]
}"
`;
