// Jest Snapshot v1, https://goo.gl/fbAQLP

exports[`#emit() should return correctly 1`] = `
"[emit-jsdoc][emit-declare]namespace [emit_declaration_name \\"A\\"] {
[indent-every-line
  [emit-elements
    [emit-jsdoc][emit-declare]namespace [emit_declaration_name \\"B\\"] {
    [indent-every-line
      [emit-elements
        [emit-jsdoc][VariableDeclaration b]
      ]
    ]
    }
    [emit-jsdoc][emit-declare]namespace [emit_declaration_name \\"C\\"] {
    [indent-every-line
      [emit-elements
        [emit-jsdoc][VariableDeclaration c]
      ]
    ]
    }
  ]
]
}"
`;
