// Jest Snapshot v1, https://goo.gl/fbAQLP

exports[`#emit() should return correctly 1`] = `
"[JSDoc]
[emit-declare]namespace A {
[indent-every-line
  [JSDoc]
  [emit-declare]namespace B {
  [indent-every-line
    [VariableDeclaration b]
  ]
  }
  [JSDoc]
  [emit-declare]namespace C {
  [indent-every-line
    [VariableDeclaration c]
  ]
  }
]
}"
`;
