// Jest Snapshot v1, https://goo.gl/fbAQLP

exports[`should return correctly with name 1`] = `"declare type X = any;"`;

exports[`should return correctly with name, export 1`] = `"export declare type X = any;"`;

exports[`should return correctly with name, export, generics, type 1`] = `"export declare type X<T, U> = string;"`;

exports[`should return correctly with name, generics 1`] = `"declare type X<T, U> = any;"`;

exports[`should return correctly with name, type 1`] = `"declare type X = string;"`;
