// Jest Snapshot v1, https://goo.gl/fbAQLP

exports[`should return correctly with name 1`] = `"declare var a: any;"`;

exports[`should return correctly with name, export 1`] = `"export declare var a: any;"`;

exports[`should return correctly with name, export, type, const 1`] = `"export declare const a: null;"`;

exports[`should return correctly with name, let 1`] = `"declare let a: any;"`;

exports[`should return correctly with name, type 1`] = `"declare var a: string;"`;
