// Jest Snapshot v1, https://goo.gl/fbAQLP

exports[`should return correctly 1`] = `
"export as namespace myClassLib;
export = MyClass;
/**
 * Write your module's methods and properties in this class
 */
class MyClass {
  constructor(someParam?: string);
  someProperty: string[];
  myMethod(opts: MyClass.MyClassMethodOptions): number;
}
/**
 * If you want to expose types from your module as well, you can
 * place them in this block.
 */
declare namespace MyClass {
  interface MyClassMethodOptions {
    width?: number;
    height?: number;
  }
}"
`;
