// Jest Snapshot v1, https://goo.gl/fbAQLP

exports[`should return correctly 1`] = `
"export as namespace myLib;
/**
 * If this module has methods, declare them as functions like so.
 */
export declare function myMethod(a: string): string;
export declare function myOtherMethod(a: number): number;
/**
 * You can declare types that are available via importing the module
 */
export interface someType {
  name: string;
  length: number;
  extras?: string[];
}
/**
 * You can declare properties of the module using const, let, or var
 */
export declare const myField: number;
/**
 * If there are types, properties, or methods inside dotted names
 * of the module, declare them inside a 'namespace'.
 */
export declare namespace subProp {
  /**
   * For example, given this definition, someone could write:
   *   import { subProp } from 'yourModule';
   *   subProp.foo();
   * or
   *   import * as yourMod from 'yourModule'
   *   yourMod.subProp.foo();
   */
  function foo(): void;
}"
`;
