// Jest Snapshot v1, https://goo.gl/fbAQLP

exports[`should return correctly 1`] = `"() => any"`;

exports[`should return correctly with generics 1`] = `"<T, U>() => any"`;

exports[`should return correctly with generics, parameters, return 1`] = `"<T, U>(a: any, b: any) => string"`;

exports[`should return correctly with parameters 1`] = `"(a: any, b: any) => any"`;

exports[`should return correctly with parameters, return (TypePredicate) 1`] = `"(a: any) => a is string"`;

exports[`should return correctly with return 1`] = `"() => string"`;
